// Jest Snapshot v1, https://goo.gl/fbAQLP

exports[`should match default snapshot 1`] = `
<DocumentFragment>
  <aside
    class="jsx-1672971567 drawer-root"
  >
    <div
      class="jsx-961371421 avatar-root"
    >
      <img
        alt=""
        class="jsx-961371421"
        src="/static/images/avatar_default.svg"
      />
    </div>
    <section
      class="jsx-1672971567"
    >
      <p
        class="jsx-1672971567 name"
      >
        Hello, Ashley!
      </p>
    </section>
    <section
      class="jsx-1672971567 button-container"
    >
      <button
        class="jsx-1672971567 button-function"
        data-testid="button-upload"
        type="button"
      >
        Upload CSV
      </button>
    </section>
  </aside>
</DocumentFragment>
`;
