// Jest Snapshot v1, https://goo.gl/fbAQLP

exports[`should match default snapshot 1`] = `
<DocumentFragment>
  <aside
    class="jsx-4236861201 drawer-root"
  >
    <div
      class="jsx-961371421 avatar-root"
    >
      <img
        alt=""
        class="jsx-961371421"
        src="/static/images/avatar_default.svg"
      />
    </div>
    <section
      class="jsx-4236861201"
    >
      <p
        class="jsx-4236861201 name"
      >
        Hello, Ashley!
      </p>
    </section>
    <section
      class="jsx-4236861201 locale-container"
    >
      <div
        class="jsx-1468845466 locale-display-root"
      >
        <span
          class="jsx-1468845466"
        >
          Language: English
        </span>
      </div>
    </section>
    <section
      class="jsx-4236861201 button-container"
    >
      <button
        class="jsx-4236861201 button-function"
        data-testid="button-upload"
        type="button"
      >
        Upload CSV
      </button>
    </section>
  </aside>
</DocumentFragment>
`;
